// Jest Snapshot v1, https://goo.gl/fbAQLP

exports[`AppBar matches snapshot for footer 1`] = `
<CustomAppBar
  position="footer"
>
  <Text>
    Made with 
    <span
      aria-label="heart"
      role="img"
    >
      ðŸ’š
    </span>
     in Melbourne
  </Text>
  <Text>
    Â© 2016 Broccoli & Co. All Rights Reserved
  </Text>
</CustomAppBar>
`;

exports[`AppBar matches snapshot for header 1`] = `
<CustomAppBar
  position="header"
>
  <LogoImg
    src="images/logo.png"
  />
</CustomAppBar>
`;
