// Jest Snapshot v1, https://goo.gl/fbAQLP

exports[`Dashboard matches snapshot 1`] = `
<DocumentFragment>
  <div
    class="sc-jrsJCI hRBrla"
  >
    <div
      class="sc-bdnylx kOKJeA"
    >
      <img
        class="sc-dlnjPT ksPreD"
        src="images/logo.png"
      />
    </div>
    <div
      class="sc-kEqYlL eiAWbY"
    >
      <h1
        class="sc-crzoUp gAWKtw"
      >
        A better way to enjoy every day.
      </h1>
      <div
        class="sc-dIsAE lbEpKq"
      >
        Be the first to know when we launch
      </div>
      <button
        class="sc-bqGHjH iNJljF"
      >
        Request an invite
      </button>
    </div>
    <div
      class="sc-iqAbSa jkfJHj"
    >
      <div
        class="sc-ksluoS itTrBN"
      >
        Photo by Lukas from Pexels
      </div>
      <div
        class="sc-bdnylx cLAbTx"
      >
        <div
          class="sc-gtssRu ieArEE"
        >
          Made with 
          <span
            aria-label="heart"
            role="img"
          >
            ðŸ’š
          </span>
           in Melbourne
        </div>
        <div
          class="sc-gtssRu ieArEE"
        >
          Â© 2016 Broccoli & Co. All Rights Reserved
        </div>
      </div>
    </div>
  </div>
</DocumentFragment>
`;
